// Jest Snapshot v1, https://goo.gl/fbAQLP

exports[`<App /> matches snapshot 1`] = `
<App>
  <Provider
    store={
      Object {
        "dispatch": [Function],
        "getState": [Function],
        "replaceReducer": [Function],
        "subscribe": [Function],
        Symbol(observable): [Function],
      }
    }
  >
    <BrowserRouter>
      <Router
        history={
          Object {
            "action": "POP",
            "block": [Function],
            "createHref": [Function],
            "go": [Function],
            "goBack": [Function],
            "goForward": [Function],
            "length": 1,
            "listen": [Function],
            "location": Object {
              "hash": "",
              "pathname": "/",
              "search": "",
              "state": undefined,
            },
            "push": [Function],
            "replace": [Function],
          }
        }
      >
        <div
          className="App"
        >
          <Header>
            <nav
              className="navbar navbar-expand-lg navbar-dark bg-primary"
            >
              <div
                className="container pl-0 pr-0 pt-2 pb-2"
              >
                <NavLink
                  className="navbar-brand font-weight-bold"
                  to="/"
                >
                  <Link
                    aria-current="page"
                    className="navbar-brand font-weight-bold active"
                    style={Object {}}
                    to="/"
                  >
                    <a
                      aria-current="page"
                      className="navbar-brand font-weight-bold active"
                      href="/"
                      onClick={[Function]}
                      style={Object {}}
                    >
                      LOGO
                    </a>
                  </Link>
                </NavLink>
                <button
                  aria-controls="navbarColor01"
                  aria-expanded="false"
                  aria-label="Toggle navigation"
                  className="navbar-toggler"
                  data-target="#navbarColor01"
                  data-toggle="collapse"
                  type="button"
                >
                  <span
                    className="navbar-toggler-icon"
                  />
                </button>
                <div
                  className="collapse navbar-collapse"
                  id="navbarColor01"
                >
                  <ul
                    className="navbar-nav mr-auto"
                  >
                    <li
                      className="nav-item"
                    >
                      <NavLink
                        className="nav-link"
                        to="/"
                      >
                        <Link
                          aria-current="page"
                          className="nav-link active"
                          style={Object {}}
                          to="/"
                        >
                          <a
                            aria-current="page"
                            className="nav-link active"
                            href="/"
                            onClick={[Function]}
                            style={Object {}}
                          >
                            Courses
                          </a>
                        </Link>
                      </NavLink>
                    </li>
                  </ul>
                </div>
              </div>
            </nav>
          </Header>
          <Switch>
            <Route
              component={[Function]}
              computedMatch={
                Object {
                  "isExact": true,
                  "params": Object {},
                  "path": "/",
                  "url": "/",
                }
              }
              exact={true}
              location={
                Object {
                  "hash": "",
                  "pathname": "/",
                  "search": "",
                  "state": undefined,
                }
              }
              path="/"
            >
              <Homepage
                history={
                  Object {
                    "action": "POP",
                    "block": [Function],
                    "createHref": [Function],
                    "go": [Function],
                    "goBack": [Function],
                    "goForward": [Function],
                    "length": 1,
                    "listen": [Function],
                    "location": Object {
                      "hash": "",
                      "pathname": "/",
                      "search": "",
                      "state": undefined,
                    },
                    "push": [Function],
                    "replace": [Function],
                  }
                }
                location={
                  Object {
                    "hash": "",
                    "pathname": "/",
                    "search": "",
                    "state": undefined,
                  }
                }
                match={
                  Object {
                    "isExact": true,
                    "params": Object {},
                    "path": "/",
                    "url": "/",
                  }
                }
              >
                <CoursesWrapper
                  description="Welcome back! Here're your classes and students for the school year."
                  title="Hello, Professor!"
                >
                  <div
                    className="jumbotron container mt-5"
                  >
                    <h1
                      className="display-3"
                    >
                      Hello, Professor!
                    </h1>
                    <p
                      className="lead mb-5"
                    >
                      Welcome back! Here're your classes and students for the school year.
                    </p>
                    <AddCourse
                      addCourse={[Function]}
                    >
                      <div
                        className="d-flex justify-content-end mb-5"
                      >
                        <button
                          className="btn btn-primary add-course-btn"
                          data-target="#addEditCourseModal"
                          data-toggle="modal"
                          type="button"
                        >
                          Add Course
                        </button>
                      </div>
                      <AddEditCourse
                        handleInputChange={[Function]}
                        handleSliderChange={[Function]}
                        handleSubmit={[Function]}
                        modalTitle="Adding a New Course!"
                        state={
                          Object {
                            "course_description": "",
                            "course_name": "",
                            "length": 45,
                            "studentIDs": Array [],
                            "subject": "English",
                          }
                        }
                        submitBtnText="Add Course"
                      >
                        <div
                          aria-hidden="true"
                          aria-labelledby="addEditCourseModalTitle"
                          className="modal fade"
                          id="addEditCourseModal"
                          role="dialog"
                          tabIndex="-1"
                        >
                          <div
                            className="modal-dialog modal-dialog-centered"
                            role="document"
                          >
                            <div
                              className="modal-content"
                            >
                              <div
                                className="modal-header"
                              >
                                <h5
                                  className="modal-title"
                                  id="exampleModalLongTitle"
                                >
                                  Adding a New Course!
                                </h5>
                                <button
                                  aria-label="Close"
                                  className="close close-add-course-modal"
                                  data-dismiss="modal"
                                  type="button"
                                >
                                  <span
                                    aria-hidden="true"
                                  >
                                    Ã—
                                  </span>
                                </button>
                              </div>
                              <div
                                className="modal-body"
                              >
                                <CourseForm
                                  handleInputChange={[Function]}
                                  handleSliderChange={[Function]}
                                  state={
                                    Object {
                                      "course_description": "",
                                      "course_name": "",
                                      "length": 45,
                                      "studentIDs": Array [],
                                      "subject": "English",
                                    }
                                  }
                                >
                                  <form>
                                    <fieldset
                                      className="text-left"
                                    >
                                      <div
                                        className="form-group"
                                      >
                                        <label
                                          htmlFor="courseName"
                                        >
                                          Course Name
                                        </label>
                                        <input
                                          className="form-control"
                                          id="courseName"
                                          name="course_name"
                                          onChange={[Function]}
                                          placeholder="Enter course name"
                                          type="text"
                                          value=""
                                        />
                                      </div>
                                      <div
                                        className="form-group"
                                      >
                                        <label
                                          htmlFor="selectSubject"
                                        >
                                          Select a subject
                                        </label>
                                        <select
                                          className="form-control"
                                          id="selectSubject"
                                          name="subject"
                                          onChange={[Function]}
                                          value="English"
                                        >
                                          <option
                                            value="Science"
                                          >
                                            Science
                                          </option>
                                          <option
                                            value="Math"
                                          >
                                            Math
                                          </option>
                                          <option
                                            value="English"
                                          >
                                            English
                                          </option>
                                          <option
                                            value="Art"
                                          >
                                            Art
                                          </option>
                                          <option
                                            value="Foreign Language"
                                          >
                                            Foreign Language
                                          </option>
                                          <option
                                            value="Social studies"
                                          >
                                            Social Studies
                                          </option>
                                          <option
                                            value="History"
                                          >
                                            History
                                          </option>
                                          <option
                                            value="Music"
                                          >
                                            Music
                                          </option>
                                          <option
                                            value="Physical education"
                                          >
                                            Physical education
                                          </option>
                                        </select>
                                      </div>
                                      <div
                                        className="form-group"
                                      >
                                        <label
                                          htmlFor="course_description"
                                        >
                                          Course Description
                                        </label>
                                        <textarea
                                          className="form-control"
                                          id="course_description"
                                          name="course_description"
                                          onChange={[Function]}
                                          placeholder="Enter the description"
                                          value=""
                                        />
                                      </div>
                                      <div
                                        className="form-group"
                                      >
                                        <label
                                          htmlFor="course_length"
                                        >
                                          Course length (minutes)
                                        </label>
                                        <Slider
                                          handleLabel=""
                                          id="course_length"
                                          labels={Object {}}
                                          max={120}
                                          min={0}
                                          onChange={[Function]}
                                          orientation="horizontal"
                                          reverse={false}
                                          step={1}
                                          tooltip={true}
                                          value={45}
                                        >
                                          <div
                                            aria-orientation="horizontal"
                                            aria-valuemax={120}
                                            aria-valuemin={0}
                                            aria-valuenow={45}
                                            className="rangeslider rangeslider-horizontal"
                                            onMouseDown={[Function]}
                                            onMouseUp={[Function]}
                                            onTouchEnd={[Function]}
                                            onTouchStart={[Function]}
                                          >
                                            <div
                                              className="rangeslider__fill"
                                              style={
                                                Object {
                                                  "width": "0px",
                                                }
                                              }
                                            />
                                            <div
                                              className="rangeslider__handle"
                                              onKeyDown={[Function]}
                                              onMouseDown={[Function]}
                                              onTouchEnd={[Function]}
                                              onTouchMove={[Function]}
                                              style={
                                                Object {
                                                  "left": "0px",
                                                }
                                              }
                                              tabIndex={0}
                                            >
                                              <div
                                                className="rangeslider__handle-label"
                                              />
                                            </div>
                                            <ul
                                              className="rangeslider__labels"
                                            />
                                          </div>
                                        </Slider>
                                      </div>
                                    </fieldset>
                                  </form>
                                </CourseForm>
                              </div>
                              <div
                                className="modal-footer"
                              >
                                <button
                                  className="btn btn-secondary"
                                  data-dismiss="modal"
                                  type="button"
                                >
                                  Close
                                </button>
                                <button
                                  className="btn btn-primary disabled"
                                  data-dismiss=""
                                  onClick={[Function]}
                                  type="button"
                                >
                                  Add Course
                                </button>
                              </div>
                            </div>
                          </div>
                        </div>
                      </AddEditCourse>
                    </AddCourse>
                    <Loader>
                      <div
                        className="Loader"
                      />
                    </Loader>
                  </div>
                </CoursesWrapper>
              </Homepage>
            </Route>
          </Switch>
        </div>
      </Router>
    </BrowserRouter>
  </Provider>
</App>
`;
